../Core/Src/lcd_16x2.c:20:6:Lcd_Init	8	static
../Core/Src/lcd_16x2.c:34:6:Lcd_write_int	32	static
../Core/Src/lcd_16x2.c:44:6:Lcd_write_string	32	static
../Core/Src/lcd_16x2.c:55:6:Lcd_clear_display	8	static
../Core/Src/lcd_16x2.c:63:6:Lcd_create_custom_char	24	static
../Core/Src/lcd_16x2.c:78:6:Lcd_gotoxy	16	static
../Core/Src/lcd_16x2.c:93:6:Lcd_write_custom_char	16	static
../Core/Src/lcd_16x2.c:102:6:Lcd_clear_xy	16	static
../Core/Src/lcd_16x2.c:111:6:Lcd_configure	40	static
../Core/Src/lcd_16x2.c:147:6:lcd_write_command	16	static
../Core/Src/lcd_16x2.c:154:6:lcd_write_data	16	static
../Core/Src/lcd_16x2.c:161:6:lcd_write	24	static
